[dotenv@17.3.1] injecting env (4) from .env -- tip: ÔÜÖ´©Å  specify custom .env file path with { path: '/custom/path/.env' }
Key prefix: AIzaSyBEZH
Probando la IA con el texto: 'crear una tarea para hoy que sea urgente'
node : Error en 
parseTaskNLP: GoogleGener
ativeAIFetchError: 
[GoogleGenerativeAI 
Error]: Error fetching 
from https://generativela
nguage.googleapis.com/v1b
eta/models/gemini-1.5-fla
sh:generateContent: [404 
Not Found] 
models/gemini-1.5-flash 
is not found for API 
version v1beta, or is 
not supported for 
generateContent. Call 
ListModels to see the 
list of available models 
and their supported 
methods.
En línea: 1 Carácter: 1
+ node test-ai.js > 
test-output.txt 2>&1 
content content
+ ~~~~~~~~~~~~~~~~~~~~~~~
~~~~~~~~~~~~~~~~~~~~~~~~~
~~~~~~
    + CategoryInfo       
       : NotSpecified:   
  (Error en parseT...p   
 orted methods.:Strin    
g) [], RemoteExcepti    
on
    + FullyQualifiedErro 
   rId : NativeCommandE  
  rror
 
    at 
handleResponseNotOk (C:\U
sers\jpdit\.gemini\antigr
avity\scratch\agilflow-sa
as\server\node_modules\@g
oogle\generative-ai\dist\
index.js:434:11)
    at process.processTic
ksAndRejections (node:int
ernal/process/task_queues
:103:5)
    at async makeRequest 
(C:\Users\jpdit\.gemini\a
ntigravity\scratch\agilfl
ow-saas\server\node_modul
es\@google\generative-ai\
dist\index.js:403:9)
    at async 
generateContent (C:\Users
\jpdit\.gemini\antigravit
y\scratch\agilflow-saas\s
erver\node_modules\@googl
e\generative-ai\dist\inde
x.js:867:22)
    at async 
parseTaskNLP (C:\Users\jp
dit\.gemini\antigravity\s
cratch\agilflow-saas\serv
er\src\services\ai\nlpSer
vice.js:23:24)
    at async testAI (C:\U
sers\jpdit\.gemini\antigr
avity\scratch\agilflow-sa
as\server\test-ai.js:7:24
) {
  status: 404,
  statusText: 'Not 
Found',
  errorDetails: undefined
}
Error al probar la IA: 
No se pudo analizar el 
texto
